exports[`test renders the add cat page corectly 1`] = `
<View
  style={
    Object {
      "backgroundColor": "#F1F5FF",
      "flex": 1,
      "marginTop": 64,
    }
  }>
  <ScrollView
    style={
      Object {
        "flex": 1,
        "height": 500.25,
        "paddingTop": 10,
      }
    } />
  <View
    style={
      Object {
        "flex": 1,
        "paddingBottom": 50,
        "paddingTop": 10,
      }
    }>
    <View
      accessibilityComponentType={undefined}
      accessibilityLabel={undefined}
      accessibilityTraits={undefined}
      accessible={true}
      hitSlop={undefined}
      onLayout={undefined}
      onResponderGrant={[Function]}
      onResponderMove={[Function]}
      onResponderRelease={[Function]}
      onResponderTerminate={[Function]}
      onResponderTerminationRequest={[Function]}
      onStartShouldSetResponder={[Function]}
      style={
        Object {
          "backgroundColor": "#466ECC",
          "borderRadius": 5,
          "height": 45,
          "justifyContent": "center",
          "marginHorizontal": 25,
          "marginVertical": 10,
          "opacity": 1,
        }
      }
      testID={undefined}>
      <Text
        accessible={true}
        allowFontScaling={true}
        ellipsizeMode="tail"
        style={
          Object {
            "color": "white",
            "fontSize": 14,
            "fontWeight": "bold",
            "marginHorizontal": 5,
            "marginVertical": 10,
            "textAlign": "center",
          }
        }>
        [MISSING \"EN.NEW_CAT\" TRANSLATION]
      </Text>
    </View>
  </View>
</View>
`;
