exports[`test renders the food consumption page correctly 1`] = `
<View
  style={
    Object {
      "backgroundColor": "#F1F5FF",
      "flex": 1,
      "marginTop": 64,
    }
  }>
  <ScrollView
    style={
      Object {
        "flex": 1,
        "paddingTop": 10,
      }
    }>
    <View
      accessibilityComponentType={undefined}
      accessibilityLabel={undefined}
      accessibilityTraits={undefined}
      accessible={true}
      hitSlop={undefined}
      onLayout={undefined}
      onResponderGrant={[Function]}
      onResponderMove={[Function]}
      onResponderRelease={[Function]}
      onResponderTerminate={[Function]}
      onResponderTerminationRequest={[Function]}
      onStartShouldSetResponder={[Function]}
      style={
        Object {
          "alignItems": "center",
          "flexDirection": "row",
          "justifyContent": "center",
          "opacity": 1,
        }
      }
      testID={undefined}>
      <Text
        accessible={true}
        allowFontScaling={true}
        ellipsizeMode="tail"
        style={
          Object {
            "color": "#2C457F",
            "fontWeight": "bold",
            "marginVertical": 5,
            "textAlign": "center",
          }
        }>
        Add a new food type
      </Text>
      <Text
        accessible={true}
        allowFontScaling={false}
        ellipsizeMode="tail"
        style={
          Array [
            Object {
              "color": undefined,
              "fontFamily": "FontAwesome",
              "fontSize": 20,
              "fontStyle": "normal",
              "fontWeight": "normal",
            },
            Object {
              "color": "#2C457F",
              "marginLeft": 10,
            },
          ]
        }>
        ÔÅß
      </Text>
    </View>
    <View
      style={
        Object {
          "padding": 25,
        }
      }>
      <Picker
        onValueChange={[Function]}
        selectedValue={-1}
        style={
          Object {
            "borderWidth": 1,
          }
        }>
        <Item
          label="[missing \"en.no_saved_food\" translation]"
          value={Object {}} />
      </Picker>
    </View>
    <View
      style={
        Object {
          "padding": 25,
        }
      }>
      <Text
        accessible={true}
        allowFontScaling={true}
        ellipsizeMode="tail"
        style={
          Object {
            "color": "#2C457F",
            "fontWeight": "bold",
            "marginVertical": 5,
            "textAlign": "center",
          }
        }>
        [missing \"en.cups_food_prompt\" translation]
      </Text>
      <TextInput
        keyboardType="numeric"
        onChangeText={[Function]}
        placeholder="Cups"
        style={
          Object {
            "borderColor": "gray",
            "borderWidth": 1,
            "height": 40,
            "paddingLeft": 10,
          }
        } />
    </View>
    <View
      accessibilityComponentType={undefined}
      accessibilityLabel={undefined}
      accessibilityTraits={undefined}
      accessible={true}
      hitSlop={undefined}
      onLayout={undefined}
      onResponderGrant={[Function]}
      onResponderMove={[Function]}
      onResponderRelease={[Function]}
      onResponderTerminate={[Function]}
      onResponderTerminationRequest={[Function]}
      onStartShouldSetResponder={[Function]}
      style={
        Object {
          "backgroundColor": "#466ECC",
          "borderRadius": 5,
          "height": 45,
          "justifyContent": "center",
          "marginHorizontal": 25,
          "marginVertical": 10,
          "opacity": 1,
        }
      }
      testID={undefined}>
      <Text
        accessible={true}
        allowFontScaling={true}
        ellipsizeMode="tail"
        style={
          Object {
            "color": "white",
            "fontSize": 14,
            "fontWeight": "bold",
            "marginHorizontal": 5,
            "marginVertical": 10,
            "textAlign": "center",
          }
        }>
        [MISSING \"EN.SUBMIT_FOOD_RECORD\" TRANSLATION]
      </Text>
    </View>
    <View
      accessibilityComponentType={undefined}
      accessibilityLabel={undefined}
      accessibilityTraits={undefined}
      accessible={true}
      hitSlop={undefined}
      onLayout={undefined}
      onResponderGrant={[Function]}
      onResponderMove={[Function]}
      onResponderRelease={[Function]}
      onResponderTerminate={[Function]}
      onResponderTerminationRequest={[Function]}
      onStartShouldSetResponder={[Function]}
      style={
        Object {
          "backgroundColor": "#466ECC",
          "borderRadius": 5,
          "height": 45,
          "justifyContent": "center",
          "marginHorizontal": 25,
          "marginVertical": 10,
          "opacity": 1,
        }
      }
      testID={undefined}>
      <Text
        accessible={true}
        allowFontScaling={true}
        ellipsizeMode="tail"
        style={
          Object {
            "color": "white",
            "fontSize": 14,
            "fontWeight": "bold",
            "marginHorizontal": 5,
            "marginVertical": 10,
            "textAlign": "center",
          }
        }>
        [MISSING \"EN.VIEW_FOOD_CONSUMPTION\" TRANSLATION]
      </Text>
    </View>
  </ScrollView>
</View>
`;
