exports[`test renders correctly 1`] = `
<View
  style={
    Object {
      "backgroundColor": "rgba(0,0,0,0)",
      "flex": 1,
      "marginTop": 64,
    }
  }>
  <Image
    resizeMode="stretch"
    source={1}
    style={
      Object {
        "bottom": 0,
        "left": 0,
        "position": "absolute",
        "right": 0,
        "top": 0,
      }
    } />
  <ScrollView
    style={
      Object {
        "flex": 1,
        "paddingTop": 10,
      }
    }>
    <View
      style={
        Object {
          "alignItems": "center",
        }
      }>
      <Image
        source={1}
        style={
          Object {
            "height": 300,
            "resizeMode": "contain",
            "width": 300,
          }
        } />
    </View>
    <View
      style={
        Object {
          "borderBottomColor": "#D8D8D8",
          "borderBottomWidth": 1,
          "borderTopColor": "#D8D8D8",
          "borderTopWidth": 0.5,
          "margin": 25,
          "padding": 10,
        }
      }>
      <Text
        accessible={true}
        allowFontScaling={true}
        ellipsizeMode="tail"
        style={
          Object {
            "color": "white",
            "fontWeight": "bold",
            "marginVertical": 5,
            "textAlign": "center",
          }
        }>
        Welcome to FitCat Hello World! Ignite provided the basis of what is here!
      </Text>
    </View>
    <View
      accessibilityComponentType={undefined}
      accessibilityLabel={undefined}
      accessibilityTraits={undefined}
      accessible={true}
      hitSlop={undefined}
      onLayout={undefined}
      onResponderGrant={[Function]}
      onResponderMove={[Function]}
      onResponderRelease={[Function]}
      onResponderTerminate={[Function]}
      onResponderTerminationRequest={[Function]}
      onStartShouldSetResponder={[Function]}
      style={
        Object {
          "backgroundColor": "#e73536",
          "borderRadius": 5,
          "height": 45,
          "justifyContent": "center",
          "marginHorizontal": 25,
          "marginVertical": 10,
          "opacity": 1,
        }
      }
      testID={undefined}>
      <Text
        accessible={true}
        allowFontScaling={true}
        ellipsizeMode="tail"
        style={
          Object {
            "color": "white",
            "fontSize": 14,
            "fontWeight": "bold",
            "marginVertical": 10,
            "textAlign": "center",
          }
        }>
        CONNECT FITBIT ACCOUNT
      </Text>
    </View>
  </ScrollView>
</View>
`;
