exports[`test renders correctly 1`] = `
<View
  style={
    Object {
      "flexDirection": "row",
      "margin": 10,
    }
  }>
  <View
    style={
      Object {
        "alignItems": "center",
        "flex": 2,
        "paddingRight": 20,
      }
    }>
    <Text
      accessible={true}
      allowFontScaling={false}
      ellipsizeMode="tail"
      style={
        Array [
          Object {
            "color": undefined,
            "fontFamily": "FontAwesome",
            "fontSize": 12,
            "fontStyle": "normal",
            "fontWeight": "normal",
          },
          Object {
            "fontSize": 40,
          },
        ]
      }>
      
    </Text>
  </View>
  <View
    style={
      Object {
        "flex": 4,
        "paddingTop": 10,
      }
    }>
    <Text
      accessible={true}
      allowFontScaling={true}
      ellipsizeMode="tail"
      style={undefined}>
      125
       
      steps
    </Text>
  </View>
  <View
    style={
      Object {
        "flex": 1,
      }
    }>
    <Text
      accessible={true}
      allowFontScaling={false}
      ellipsizeMode="tail"
      onPress={[Function]}
      style={
        Array [
          Object {
            "color": undefined,
            "fontFamily": "FontAwesome",
            "fontSize": 12,
            "fontStyle": "normal",
            "fontWeight": "normal",
          },
          Object {
            "color": "#D8D8D8",
            "fontSize": 40,
          },
        ]
      }>
      
    </Text>
  </View>
</View>
`;
